// Jest Snapshot v1, https://goo.gl/fbAQLP

exports[`users/user/layouts/EditUserPage should render without error 1`] = `
ShallowWrapper {
  "length": 1,
  Symbol(enzyme.__root__): [Circular],
  Symbol(enzyme.__unrendered__): <EditUserPage
    dispatch={[Function]}
    user={
      Object {
        "_polling": false,
        "email": "example1@domain.com",
        "password": "crisprcas9",
        "restricted": false,
        "username": "testuser1",
      }
    }
  />,
  Symbol(enzyme.__renderer__): Object {
    "batchedUpdates": [Function],
    "getNode": [Function],
    "render": [Function],
    "simulateEvent": [Function],
    "unmount": [Function],
  },
  Symbol(enzyme.__node__): Object {
    "instance": null,
    "key": undefined,
    "nodeType": "function",
    "props": Object {
      "children": <UserForm
        dispatch={[Function]}
        user={
          Object {
            "_polling": false,
            "email": "example1@domain.com",
            "password": "crisprcas9",
            "restricted": false,
            "username": "testuser1",
          }
        }
      />,
      "className": "",
    },
    "ref": null,
    "rendered": Object {
      "instance": null,
      "key": undefined,
      "nodeType": "class",
      "props": Object {
        "dispatch": [Function],
        "user": Object {
          "_polling": false,
          "email": "example1@domain.com",
          "password": "crisprcas9",
          "restricted": false,
          "username": "testuser1",
        },
      },
      "ref": null,
      "rendered": null,
      "type": [Function],
    },
    "type": [Function],
  },
  Symbol(enzyme.__nodes__): Array [
    Object {
      "instance": null,
      "key": undefined,
      "nodeType": "function",
      "props": Object {
        "children": <UserForm
          dispatch={[Function]}
          user={
            Object {
              "_polling": false,
              "email": "example1@domain.com",
              "password": "crisprcas9",
              "restricted": false,
              "username": "testuser1",
            }
          }
        />,
        "className": "",
      },
      "ref": null,
      "rendered": Object {
        "instance": null,
        "key": undefined,
        "nodeType": "class",
        "props": Object {
          "dispatch": [Function],
          "user": Object {
            "_polling": false,
            "email": "example1@domain.com",
            "password": "crisprcas9",
            "restricted": false,
            "username": "testuser1",
          },
        },
        "ref": null,
        "rendered": null,
        "type": [Function],
      },
      "type": [Function],
    },
  ],
  Symbol(enzyme.__options__): Object {
    "adapter": ReactFifteenAdapter {
      "options": Object {
        "supportPrevContextArgumentOfComponentDidUpdate": true,
      },
    },
  },
}
`;
